<html>
<body>
<pre>
<h1>µVision Build Log</h1>
<h2>Tool Versions:</h2>
IDE-Version: ¦ÌVision V5.26.2.0
Copyright (C) 2018 ARM Ltd and ARM Germany GmbH. All rights reserved.
License Information: cfrpg  , cfrpg, LIC=LJWQD-8I3NX-MSYYP-MSAQV-KRD7E-N1XHB
 
Tool Versions:
Toolchain:       MDK-ARM Professional  Version: 5.26.2.0
Toolchain Path:  D:\Program Files\Keil_v5\ARM\ARMCC\Bin
C Compiler:      Armcc.exe V5.06 update 6 (build 750)
Assembler:       Armasm.exe V5.06 update 6 (build 750)
Linker/Locator:  ArmLink.exe V5.06 update 6 (build 750)
Library Manager: ArmAr.exe V5.06 update 6 (build 750)
Hex Converter:   FromElf.exe V5.06 update 6 (build 750)
CPU DLL:         SARMCM3.DLL V5.26.2.0
Dialog DLL:      DCM.DLL V1.17.2.0
Target DLL:      STLink\ST-LINKIII-KEIL_SWO.dll V3.0.5.0
Dialog DLL:      TCM.DLL V1.36.1.0
 
<h2>Project:</h2>
D:\Github\SharpBladeAutomaticAntennaTracker\src\USER\SBAAT.uvprojx
Project File Date:  04/15/2019

<h2>Output:</h2>
*** Using Compiler 'V5.06 update 6 (build 750)', folder: 'D:\Program Files\Keil_v5\ARM\ARMCC\Bin'
Build target 'SBAAT'
compiling main.c...
..\HARDWARE\timer.h(5): warning:  #1295-D: Deprecated declaration MainClockInit - give arg types
  void MainClockInit();
..\HARDWARE\keyboard.h(25): warning:  #1-D: last line of file ends without a newline
  #endif
..\HARDWARE\mavlink.h(40): warning:  #1-D: last line of file ends without a newline
  #endif
pages.h(60): warning:  #1-D: last line of file ends without a newline
  #endif
..\HARDWARE\parameter.h(40): warning:  #1-D: last line of file ends without a newline
  #endif
main.c(65): warning:  #177-D: variable "j"  was declared but never referenced
  	u8 i,j,k;
main.c(65): warning:  #177-D: variable "k"  was declared but never referenced
  	u8 i,j,k;
main.c(66): warning:  #177-D: variable "oled"  was declared but never referenced
  	u8 oled=0;
main.c(68): warning:  #177-D: variable "t"  was declared but never referenced
  	u8 t;
main.c: 9 warnings, 0 errors
linking...
Program Size: Code=22890 RO-data=1702 RW-data=104 ZI-data=3224  
FromELF: creating hex file...
"..\OBJ\SBAAT.axf" - 0 Error(s), 9 Warning(s).

<h2>Software Packages used:</h2>

Package Vendor: Keil
                http://www.keil.com/pack/Keil.STM32F1xx_DFP.2.3.0.pack
                Keil.STM32F1xx_DFP.2.3.0
                STMicroelectronics STM32F1 Series Device Support, Drivers and Examples

<h2>Collection of Component include folders:</h2>
  .\RTE\_SBAAT
  D:\Program Files\Keil_v5\ARM\PACK\Keil\STM32F1xx_DFP\2.3.0\Device\Include

<h2>Collection of Component Files used:</h2>
Build Time Elapsed:  00:00:01
</pre>
</body>
</html>
